
> cognisecure@1.0.0 build
> vite build

[36mvite v7.2.4 [32mbuilding client environment for production...[36m[39m
transforming...
[32mΓ£ô[39m 81 modules transformed.
node.exe : 
[31mΓ£ù[39m Build 
failed in 1.85s
At line:1 char:1
+ & "C:\Program Files
\nodejs/node.exe" 
"C:\Program 
Files\nodejs/node_mo 
...
+ ~~~~~~~~~~~~~~~~~~~
~~~~~~~~~~~~~~~~~~~~~
~~~~~~~~~~~~~~~~~~~~~
~~~~~~~~
    + CategoryInfo   
           : 
NotSpecifi    ed: 
([31mΓ£ù[39m     
Build failed in 1    
.85s:String) [], R   
 emoteException
    + 
FullyQualifiedEr    
rorId : NativeComm   
 andError
 
[31merror during 
build:
[31msrc/pages/Police
Dashboard/components/
Dashboard.jsx 
(10:9): "db" is not 
exported by 
"firebase.json", 
imported by "src/page
s/PoliceDashboard/com
ponents/Dashboard.jsx
". (Note that you 
need 
@rollup/plugin-json 
to import JSON 
files)[31m
file: [36mC:/Users/D
ELL/OneDrive/Desktop/
cognisecure/src/pages
/PoliceDashboard/comp
onents/Dashboard.jsx:
10:9[31m
[33m
 8: import { 
useState, useEffect 
} from 'react';
 9: import { 
collection, query, 
orderBy, limit, 
onSnapshot, doc } 
from 
'firebase/firestore';
10: import { db } 
from '../../../../fir
ebase';
             ^
11: import 
AIAssistant from 
'./AIAssistant';
[31m
    at 
getRollupError (file:
///C:/Users/DELL/OneD
rive/Desktop/cognisec
ure/node_modules/roll
up/dist/es/shared/par
seAst.js:401:41)
    at error (file://
/C:/Users/DELL/OneDri
ve/Desktop/cognisecur
e/node_modules/rollup
/dist/es/shared/parse
Ast.js:397:42)
    at Module.error (
file:///C:/Users/DELL
/OneDrive/Desktop/cog
nisecure/node_modules
/rollup/dist/es/share
d/node-entry.js:16956
:16)
    at 
Module.traceVariable 
(file:///C:/Users/DEL
L/OneDrive/Desktop/co
gnisecure/node_module
s/rollup/dist/es/shar
ed/node-entry.js:1741
2:29)
    at ModuleScope.fi
ndVariable (file:///C
:/Users/DELL/OneDrive
/Desktop/cognisecure/
node_modules/rollup/d
ist/es/shared/node-en
try.js:15076:39)
    at FunctionScope.
findVariable (file://
/C:/Users/DELL/OneDri
ve/Desktop/cognisecur
e/node_modules/rollup
/dist/es/shared/node-
entry.js:5649:38)
    at FunctionBodySc
ope.findVariable (fil
e:///C:/Users/DELL/On
eDrive/Desktop/cognis
ecure/node_modules/ro
llup/dist/es/shared/n
ode-entry.js:5649:38)
    at ReturnValueSco
pe.findVariable (file
:///C:/Users/DELL/One
Drive/Desktop/cognise
cure/node_modules/rol
lup/dist/es/shared/no
de-entry.js:5649:38)
    at FunctionBodySc
ope.findVariable (fil
e:///C:/Users/DELL/On
eDrive/Desktop/cognis
ecure/node_modules/ro
llup/dist/es/shared/n
ode-entry.js:5649:38)
    at 
Identifier.bind (file
:///C:/Users/DELL/One
Drive/Desktop/cognise
cure/node_modules/rol
lup/dist/es/shared/no
de-entry.js:5423:40)
[39m
